// Jest Snapshot v1, https://goo.gl/fbAQLP

exports[`button tests it's a div 1`] = `
<div>
  button
</div>
`;
